=== وضعیت: success — اجرا #2 ===
=== خطاهای برجسته ===
