total: 2006
  combo  776
  core   939
  data   291
  cat textlab    776
  cat art        184
  cat automation 130
  cat snippets   91
  cat cmd        61
  cat compose    55
  cat msgtools   55
  cat media      50
  cat detect     50
  cat privacy    49
  cat devtools   40
  cat fun        40
  cat lint       40
  cat chatlist   37
  cat adult      36
  cat security   33
  cat notify     29
  cat stats      29
  cat net        24
  cat a11y       22
  cat backup     22
  cat core       20
  cat gesture    20
  cat contacts   20
  cat notes      20
  cat scripts    20
  cat time       18
  cat wordlist   16
  cat widget     12
  cat lang       7
کاتالوگ سالم است: 2006 قابلیت (core 939 / data 291 / combo 776)، 194 ابزار متن، 37 آیتم بزرگسال.
سالم است: 30 فایل کاتلین بررسی شد.

Welcome to Gradle 8.11.1!

Here are the highlights of this release:
 - Parallel load and store for Configuration Cache
 - Java compilation errors at the end of the build output
 - Consolidated report for warnings and deprecations

For more details see https://docs.gradle.org/8.11.1/release-notes.html

To honour the JVM settings for this build a single-use Daemon process will be forked. For more on this, please refer to https://docs.gradle.org/8.11.1/userguide/gradle_daemon.html#sec:disabling_the_daemon in the Gradle documentation.
Daemon will be stopped at the end of the build 

> Configure project :app
WARNING: The option setting 'android.defaults.buildfeatures.buildconfig=true' is deprecated.
The current default is 'false'.
It will be removed in version 9.0 of the Android Gradle plugin.
To keep using this feature, add the following to your module-level build.gradle files:
    android.buildFeatures.buildConfig = true
or from Android Studio, click: `Refactor` > `Migrate BuildConfig to Gradle Build Files`.
